// Jest Snapshot v1, https://goo.gl/fbAQLP

exports[`Header Tests Matches snapshot 1`] = `
<body>
  <div>
    <h1>
      Hoi
    </h1>
  </div>
</body>
`;
